// Jest Snapshot v1, https://goo.gl/fbAQLP

exports[`Pruebas en el componente <GifGrip /> Debe mostrar el componente correctamente 1`] = `
<Fragment>
  <p>
    LOADING...
  </p>
</Fragment>
`;
